{"synthetic": false,
 "schemaVersion": "2025-09-10",
 "outputs":
 {"o": ["c14c3b591f0adcf1.olean"],
  "m": false,
  "i": "b4f262246a02311e.ilean",
  "c": "ac94499502b31931.c"},
 "log":
 [{"message":
   ".> LEAN_PATH=C:\\Users\\reems\\git-repositories\\lean4-factorization-forest\\.lake\\packages\\Cli\\.lake\\build\\lib\\lean;C:\\Users\\reems\\git-repositories\\lean4-factorization-forest\\.lake\\packages\\batteries\\.lake\\build\\lib\\lean;C:\\Users\\reems\\git-repositories\\lean4-factorization-forest\\.lake\\packages\\Qq\\.lake\\build\\lib\\lean;C:\\Users\\reems\\git-repositories\\lean4-factorization-forest\\.lake\\packages\\aesop\\.lake\\build\\lib\\lean;C:\\Users\\reems\\git-repositories\\lean4-factorization-forest\\.lake\\packages\\proofwidgets\\.lake\\build\\lib\\lean;C:\\Users\\reems\\git-repositories\\lean4-factorization-forest\\.lake\\packages\\importGraph\\.lake\\build\\lib\\lean;C:\\Users\\reems\\git-repositories\\lean4-factorization-forest\\.lake\\packages\\LeanSearchClient\\.lake\\build\\lib\\lean;C:\\Users\\reems\\git-repositories\\lean4-factorization-forest\\.lake\\packages\\plausible\\.lake\\build\\lib\\lean;C:\\Users\\reems\\git-repositories\\lean4-factorization-forest\\.lake\\packages\\mathlib\\.lake\\build\\lib\\lean;C:\\Users\\reems\\git-repositories\\lean4-factorization-forest\\.lake\\build\\lib\\lean c:\\Users\\reems\\.elan\\toolchains\\leanprover--lean4---v4.33.0-rc1\\bin\\lean.exe C:\\Users\\reems\\git-repositories\\lean4-factorization-forest\\Project.lean -o C:\\Users\\reems\\git-repositories\\lean4-factorization-forest\\.lake\\build\\lib\\lean\\Project.olean -i C:\\Users\\reems\\git-repositories\\lean4-factorization-forest\\.lake\\build\\lib\\lean\\Project.ilean -c C:\\Users\\reems\\git-repositories\\lean4-factorization-forest\\.lake\\build\\ir\\Project.c --setup C:\\Users\\reems\\git-repositories\\lean4-factorization-forest\\.lake\\build\\ir\\Project.setup.json --json",
   "level": "trace"}],
 "inputs":
 [["deps",
   [["Project/Project:extraDep", [["@Project:extraDep", "00000000000006bb"]]],
    ["imports",
     [["Project.GreensRelations.Basic transitive imports (legacy)",
       "ad82831593df8a36"],
      ["Project.GreensRelations.Basic:importAllArts", "43ef84ce2e46d9f2"],
      ["Project.SimonSplit.Basic transitive imports (legacy)",
       "2c6786312abdcd10"],
      ["Project.SimonSplit.Basic:importAllArts", "c454c26380052670"],
      ["Project.SimonSplit.Combine transitive imports (legacy)",
       "17c756acc4260b04"],
      ["Project.SimonSplit.Combine:importAllArts", "5523afe9dcc54804"],
      ["Project.SimonSplit.Irregular transitive imports (legacy)",
       "899fab48fb0047b8"],
      ["Project.SimonSplit.Irregular:importAllArts", "a9e3368dcbb7de47"],
      ["Project.SimonSplit.Regular transitive imports (legacy)",
       "899fab48fb0047b8"],
      ["Project.SimonSplit.Regular:importAllArts", "bd036d2db3471343"],
      ["Project.SimonSplit.Split transitive imports (legacy)",
       "08843715d8106a24"],
      ["Project.SimonSplit.Split:importAllArts", "0f18c5c8fac3f476"],
      ["Project.GreensRelations.MulSeq transitive imports (legacy)",
       "99a123e5658e478e"],
      ["Project.GreensRelations.MulSeq:importAllArts", "37d58184a9f6a1b0"],
      ["Project.GreensRelations.Order transitive imports (legacy)",
       "12b2540ce489b5ac"],
      ["Project.GreensRelations.Order:importAllArts", "fad917a5eca499d1"],
      ["Project.GreensRelations.Green transitive imports (legacy)",
       "89054dd330c332e0"],
      ["Project.GreensRelations.Green:importAllArts", "bbb20984ee290fbe"],
      ["Project.GreensRelations.Finite transitive imports (legacy)",
       "b0a8f417162bb08a"],
      ["Project.GreensRelations.Finite:importAllArts", "39c10b9266e67887"],
      ["Project.BrownLemma transitive imports (legacy)", "4e18c1f1eca4b82f"],
      ["Project.BrownLemma:importAllArts", "59e0063569e4548a"],
      ["Project.SimonSplit.FactorizationTree transitive imports (legacy)",
       "deecf2a08e7110a0"],
      ["Project.SimonSplit.FactorizationTree:importAllArts",
       "b1ba1e0514a79082"]]]]],
  ["libs",
   [["import dynlibs", "00000000000006bb"],
    ["package external libraries", "00000000000006bb"],
    ["module dynlibs", "00000000000006bb"],
    ["module plugins", "00000000000006bb"]]],
  ["Lean 4.33.0, commit 62eed1db4d67327ec8120be05f1a1b0847d74561",
   "8fa8fbe052c71a8e"],
  ["C:\\Users\\reems\\git-repositories\\lean4-factorization-forest\\Project.lean",
   "5cd5b35a626bd898"],
  ["options",
   [["-DmaxSynthPendingDepth=3", "c78e353d34de85d4"],
    ["-Dweak.linter.mathlibStandardSet=true", "8a155799906f2b42"],
    ["-DrelaxedAutoImplicit=false", "74a2b5546b55be80"],
    ["-Dpp.unicode.fun=true", "9b94070140457fab"]]],
  ["isModule: false", "feefd2a0d3a1847e"],
  ["Module.name: Project", "6f25e9188811d755"],
  ["Package.id?: (some Project)", "264312e6c45eec93"],
  ["Module.leanArgs: #[]", "00000000000006bb"]],
 "depHash": "038e5c8ff1ebdd1e"}