{"synthetic": false,
 "schemaVersion": "2025-09-10",
 "outputs":
 {"o": ["57178346c520a21a.olean"],
  "m": false,
  "i": "c89891d281076cf4.ilean",
  "c": "54979f5ccb99fcc7.c"},
 "log":
 [{"message":
   ".> LEAN_PATH=C:\\Users\\reems\\git-repositories\\lean4-factorization-forest\\.lake\\packages\\Cli\\.lake\\build\\lib\\lean;C:\\Users\\reems\\git-repositories\\lean4-factorization-forest\\.lake\\packages\\batteries\\.lake\\build\\lib\\lean;C:\\Users\\reems\\git-repositories\\lean4-factorization-forest\\.lake\\packages\\Qq\\.lake\\build\\lib\\lean;C:\\Users\\reems\\git-repositories\\lean4-factorization-forest\\.lake\\packages\\aesop\\.lake\\build\\lib\\lean;C:\\Users\\reems\\git-repositories\\lean4-factorization-forest\\.lake\\packages\\proofwidgets\\.lake\\build\\lib\\lean;C:\\Users\\reems\\git-repositories\\lean4-factorization-forest\\.lake\\packages\\importGraph\\.lake\\build\\lib\\lean;C:\\Users\\reems\\git-repositories\\lean4-factorization-forest\\.lake\\packages\\LeanSearchClient\\.lake\\build\\lib\\lean;C:\\Users\\reems\\git-repositories\\lean4-factorization-forest\\.lake\\packages\\plausible\\.lake\\build\\lib\\lean;C:\\Users\\reems\\git-repositories\\lean4-factorization-forest\\.lake\\packages\\mathlib\\.lake\\build\\lib\\lean;C:\\Users\\reems\\git-repositories\\lean4-factorization-forest\\.lake\\build\\lib\\lean c:\\Users\\reems\\.elan\\toolchains\\leanprover--lean4---v4.33.0-rc1\\bin\\lean.exe C:\\Users\\reems\\git-repositories\\lean4-factorization-forest\\Project\\BrownLemma.lean -o C:\\Users\\reems\\git-repositories\\lean4-factorization-forest\\.lake\\build\\lib\\lean\\Project\\BrownLemma.olean -i C:\\Users\\reems\\git-repositories\\lean4-factorization-forest\\.lake\\build\\lib\\lean\\Project\\BrownLemma.ilean -c C:\\Users\\reems\\git-repositories\\lean4-factorization-forest\\.lake\\build\\ir\\Project\\BrownLemma.c --setup C:\\Users\\reems\\git-repositories\\lean4-factorization-forest\\.lake\\build\\ir\\Project\\BrownLemma.setup.json --json",
   "level": "trace"},
  {"message":
   "Project/BrownLemma.lean:199:11: Variable name `hm` is not explicitly referenced.\n\nHint: The binding can be removed (if unused) or named `_` (if used implicitly). Alternatively, prefix the name with `_` to silence this warning:\n  [apply] _hm\n\nNote: This linter can be disabled with `set_option linter.unusedVariables false`",
   "level": "warning"},
  {"message":
   "Project/BrownLemma.lean:474:10: `push_neg` has been deprecated. Prefer using `push Not` instead.\nIf you'd rather continue using `push_neg` in your project, you can implement it as follows:\n```\nopen Lean.Parser.Tactic in\nmacro \"push_neg\" cfg:optConfig loc:(location)? : tactic =>\n  `(tactic| push $cfg:optConfig Not $[$loc]?)\n```",
   "level": "warning"},
  {"message":
   "Project/BrownLemma.lean:346:13: Variable name `hm` is not explicitly referenced.\n\nHint: The binding can be removed (if unused) or named `_` (if used implicitly). Alternatively, prefix the name with `_` to silence this warning:\n  [apply] _hm\n\nNote: This linter can be disabled with `set_option linter.unusedVariables false`",
   "level": "warning"},
  {"message":
   "Project/BrownLemma.lean:404:100: This line exceeds the 100 character limit, please shorten it!\n\nNote: This linter can be disabled with `set_option linter.style.longLine false`",
   "level": "warning"},
  {"message":
   "Project/BrownLemma.lean:409:100: This line exceeds the 100 character limit, please shorten it!\n\nNote: This linter can be disabled with `set_option linter.style.longLine false`",
   "level": "warning"},
  {"message":
   "Project/BrownLemma.lean:428:100: This line exceeds the 100 character limit, please shorten it!\n\nNote: This linter can be disabled with `set_option linter.style.longLine false`",
   "level": "warning"},
  {"message":
   "Project/BrownLemma.lean:433:100: This line exceeds the 100 character limit, please shorten it!\n\nNote: This linter can be disabled with `set_option linter.style.longLine false`",
   "level": "warning"},
  {"message":
   "Project/BrownLemma.lean:438:100: This line exceeds the 100 character limit, please shorten it!\n\nNote: This linter can be disabled with `set_option linter.style.longLine false`",
   "level": "warning"},
  {"message":
   "Project/BrownLemma.lean:453:100: This line exceeds the 100 character limit, please shorten it!\n\nNote: This linter can be disabled with `set_option linter.style.longLine false`",
   "level": "warning"},
  {"message":
   "Project/BrownLemma.lean:469:100: This line exceeds the 100 character limit, please shorten it!\n\nNote: This linter can be disabled with `set_option linter.style.longLine false`",
   "level": "warning"},
  {"message":
   "Project/BrownLemma.lean:524:100: This line exceeds the 100 character limit, please shorten it!\n\nNote: This linter can be disabled with `set_option linter.style.longLine false`",
   "level": "warning"},
  {"message":
   "Project/BrownLemma.lean:526:100: This line exceeds the 100 character limit, please shorten it!\n\nNote: This linter can be disabled with `set_option linter.style.longLine false`",
   "level": "warning"},
  {"message":
   "Project/BrownLemma.lean:528:100: This line exceeds the 100 character limit, please shorten it!\n\nNote: This linter can be disabled with `set_option linter.style.longLine false`",
   "level": "warning"},
  {"message":
   "Project/BrownLemma.lean:530:100: This line exceeds the 100 character limit, please shorten it!\n\nNote: This linter can be disabled with `set_option linter.style.longLine false`",
   "level": "warning"},
  {"message":
   "Project/BrownLemma.lean:532:100: This line exceeds the 100 character limit, please shorten it!\n\nNote: This linter can be disabled with `set_option linter.style.longLine false`",
   "level": "warning"},
  {"message":
   "Project/BrownLemma.lean:545:100: This line exceeds the 100 character limit, please shorten it!\n\nNote: This linter can be disabled with `set_option linter.style.longLine false`",
   "level": "warning"},
  {"message":
   "Project/BrownLemma.lean:549:100: This line exceeds the 100 character limit, please shorten it!\n\nNote: This linter can be disabled with `set_option linter.style.longLine false`",
   "level": "warning"},
  {"message":
   "Project/BrownLemma.lean:550:100: This line exceeds the 100 character limit, please shorten it!\n\nNote: This linter can be disabled with `set_option linter.style.longLine false`",
   "level": "warning"},
  {"message":
   "Project/BrownLemma.lean:551:100: This line exceeds the 100 character limit, please shorten it!\n\nNote: This linter can be disabled with `set_option linter.style.longLine false`",
   "level": "warning"}],
 "inputs":
 [["deps",
   [["Project/Project:extraDep", [["@Project:extraDep", "00000000000006bb"]]],
    ["imports",
     [["Mathlib.Algebra.Group.Pointwise.Set.Basic transitive imports (legacy)",
       "7ecd13e9cc988cc4"],
      ["Mathlib.Algebra.Group.Pointwise.Set.Basic:importAllArts",
       "1dbc34c0606e3742"],
      ["Mathlib.Algebra.Group.Hom.Basic transitive imports (legacy)",
       "170b12c1cce31f0d"],
      ["Mathlib.Algebra.Group.Hom.Basic:importAllArts", "fc4760d49ad8690d"],
      ["Mathlib.Algebra.Group.Subsemigroup.Basic transitive imports (legacy)",
       "1bf6681b64b8eec6"],
      ["Mathlib.Algebra.Group.Subsemigroup.Basic:importAllArts",
       "e438ace48ed324db"],
      ["Mathlib.Data.Set.Finite.Basic transitive imports (legacy)",
       "2da6b58325f22b90"],
      ["Mathlib.Data.Set.Finite.Basic:importAllArts", "7a1e2c65eef74a1c"],
      ["Mathlib.Data.Set.Finite.Range transitive imports (legacy)",
       "2a7f9ff1b3ee5db8"],
      ["Mathlib.Data.Set.Finite.Range:importAllArts", "2e58d61e248dd613"],
      ["Mathlib.Data.Fintype.Basic transitive imports (legacy)",
       "92d9bb0eab1cf2bc"],
      ["Mathlib.Data.Fintype.Basic:importAllArts", "b302af1962a39c78"],
      ["Mathlib.Algebra.Group.Pointwise.Set.Finite transitive imports (legacy)",
       "f85fd8194ffeb95c"],
      ["Mathlib.Algebra.Group.Pointwise.Set.Finite:importAllArts",
       "87147c4b2be7c20d"],
      ["Mathlib.Order.CompleteLattice.Finset transitive imports (legacy)",
       "8bb4b17b6a1253a6"],
      ["Mathlib.Order.CompleteLattice.Finset:importAllArts",
       "4306b18018a4af0f"],
      ["Project.SimonSplit.Combine transitive imports (legacy)",
       "17c756acc4260b04"],
      ["Project.SimonSplit.Combine:importAllArts", "5523afe9dcc54804"],
      ["Project.SimonSplit.Split transitive imports (legacy)",
       "08843715d8106a24"],
      ["Project.SimonSplit.Split:importAllArts", "0f18c5c8fac3f476"]]]]],
  ["libs",
   [["import dynlibs", "00000000000006bb"],
    ["package external libraries", "00000000000006bb"],
    ["module dynlibs", "00000000000006bb"],
    ["module plugins", "00000000000006bb"]]],
  ["Lean 4.33.0, commit 62eed1db4d67327ec8120be05f1a1b0847d74561",
   "8fa8fbe052c71a8e"],
  ["C:\\Users\\reems\\git-repositories\\lean4-factorization-forest\\Project\\BrownLemma.lean",
   "c44de68c93d1298a"],
  ["options",
   [["-DmaxSynthPendingDepth=3", "c78e353d34de85d4"],
    ["-Dweak.linter.mathlibStandardSet=true", "8a155799906f2b42"],
    ["-DrelaxedAutoImplicit=false", "74a2b5546b55be80"],
    ["-Dpp.unicode.fun=true", "9b94070140457fab"]]],
  ["isModule: false", "feefd2a0d3a1847e"],
  ["Module.name: Project.BrownLemma", "807aa0d7bff68d18"],
  ["Package.id?: (some Project)", "264312e6c45eec93"],
  ["Module.leanArgs: #[]", "00000000000006bb"]],
 "depHash": "8600f5273490bf98"}