{"synthetic": false,
 "schemaVersion": "2025-09-10",
 "outputs":
 {"o": ["82cf53e9fe04f54c.olean"],
  "m": false,
  "i": "f6871abf3b4ed7a5.ilean",
  "c": "6d6d87f2a8241c05.c"},
 "log":
 [{"message":
   ".> LEAN_PATH=C:\\Users\\reems\\git-repositories\\lean4-factorization-forest\\.lake\\packages\\Cli\\.lake\\build\\lib\\lean;C:\\Users\\reems\\git-repositories\\lean4-factorization-forest\\.lake\\packages\\batteries\\.lake\\build\\lib\\lean;C:\\Users\\reems\\git-repositories\\lean4-factorization-forest\\.lake\\packages\\Qq\\.lake\\build\\lib\\lean;C:\\Users\\reems\\git-repositories\\lean4-factorization-forest\\.lake\\packages\\aesop\\.lake\\build\\lib\\lean;C:\\Users\\reems\\git-repositories\\lean4-factorization-forest\\.lake\\packages\\proofwidgets\\.lake\\build\\lib\\lean;C:\\Users\\reems\\git-repositories\\lean4-factorization-forest\\.lake\\packages\\importGraph\\.lake\\build\\lib\\lean;C:\\Users\\reems\\git-repositories\\lean4-factorization-forest\\.lake\\packages\\LeanSearchClient\\.lake\\build\\lib\\lean;C:\\Users\\reems\\git-repositories\\lean4-factorization-forest\\.lake\\packages\\plausible\\.lake\\build\\lib\\lean;C:\\Users\\reems\\git-repositories\\lean4-factorization-forest\\.lake\\packages\\mathlib\\.lake\\build\\lib\\lean;C:\\Users\\reems\\git-repositories\\lean4-factorization-forest\\.lake\\build\\lib\\lean c:\\Users\\reems\\.elan\\toolchains\\leanprover--lean4---v4.33.0-rc1\\bin\\lean.exe C:\\Users\\reems\\git-repositories\\lean4-factorization-forest\\Project\\FactorizationForest\\Basic.lean -o C:\\Users\\reems\\git-repositories\\lean4-factorization-forest\\.lake\\build\\lib\\lean\\Project\\FactorizationForest\\Basic.olean -i C:\\Users\\reems\\git-repositories\\lean4-factorization-forest\\.lake\\build\\lib\\lean\\Project\\FactorizationForest\\Basic.ilean -c C:\\Users\\reems\\git-repositories\\lean4-factorization-forest\\.lake\\build\\ir\\Project\\FactorizationForest\\Basic.c --setup C:\\Users\\reems\\git-repositories\\lean4-factorization-forest\\.lake\\build\\ir\\Project\\FactorizationForest\\Basic.setup.json --json",
   "level": "trace"}],
 "inputs":
 [["deps",
   [["Project/Project:extraDep", [["@Project:extraDep", "00000000000006bb"]]],
    ["imports",
     [["Mathlib.Data.Fintype.Card transitive imports (legacy)",
       "ca86319ee87f14ff"],
      ["Mathlib.Data.Fintype.Card:importAllArts", "98b13857c10a8628"],
      ["Mathlib.Data.Finset.Max transitive imports (legacy)",
       "1a0a231c06238f53"],
      ["Mathlib.Data.Finset.Max:importAllArts", "58df536989245c6d"],
      ["Project.GreensRelations.Order transitive imports (legacy)",
       "12b2540ce489b5ac"],
      ["Project.GreensRelations.Order:importAllArts", "fad917a5eca499d1"]]]]],
  ["libs",
   [["import dynlibs", "00000000000006bb"],
    ["package external libraries", "00000000000006bb"],
    ["module dynlibs", "00000000000006bb"],
    ["module plugins", "00000000000006bb"]]],
  ["Lean 4.33.0, commit 62eed1db4d67327ec8120be05f1a1b0847d74561",
   "8fa8fbe052c71a8e"],
  ["C:\\Users\\reems\\git-repositories\\lean4-factorization-forest\\Project\\FactorizationForest\\Basic.lean",
   "58e9ced267773a0f"],
  ["options",
   [["-DmaxSynthPendingDepth=3", "c78e353d34de85d4"],
    ["-Dweak.linter.mathlibStandardSet=true", "8a155799906f2b42"],
    ["-DrelaxedAutoImplicit=false", "74a2b5546b55be80"],
    ["-Dpp.unicode.fun=true", "9b94070140457fab"]]],
  ["isModule: false", "feefd2a0d3a1847e"],
  ["Module.name: Project.FactorizationForest.Basic", "ab7edd159860f66c"],
  ["Package.id?: (some Project)", "264312e6c45eec93"],
  ["Module.leanArgs: #[]", "00000000000006bb"]],
 "depHash": "0e39587d30aa6c18"}