{"synthetic": false,
 "schemaVersion": "2025-09-10",
 "outputs":
 {"o": ["9253da91150f993d.olean"],
  "m": false,
  "i": "4abb710f1442a60c.ilean",
  "c": "5325ee7431e3c744.c"},
 "log":
 [{"message":
   ".> LEAN_PATH=C:\\Users\\reems\\git-repositories\\lean4-factorization-forest\\.lake\\packages\\Cli\\.lake\\build\\lib\\lean;C:\\Users\\reems\\git-repositories\\lean4-factorization-forest\\.lake\\packages\\batteries\\.lake\\build\\lib\\lean;C:\\Users\\reems\\git-repositories\\lean4-factorization-forest\\.lake\\packages\\Qq\\.lake\\build\\lib\\lean;C:\\Users\\reems\\git-repositories\\lean4-factorization-forest\\.lake\\packages\\aesop\\.lake\\build\\lib\\lean;C:\\Users\\reems\\git-repositories\\lean4-factorization-forest\\.lake\\packages\\proofwidgets\\.lake\\build\\lib\\lean;C:\\Users\\reems\\git-repositories\\lean4-factorization-forest\\.lake\\packages\\importGraph\\.lake\\build\\lib\\lean;C:\\Users\\reems\\git-repositories\\lean4-factorization-forest\\.lake\\packages\\LeanSearchClient\\.lake\\build\\lib\\lean;C:\\Users\\reems\\git-repositories\\lean4-factorization-forest\\.lake\\packages\\plausible\\.lake\\build\\lib\\lean;C:\\Users\\reems\\git-repositories\\lean4-factorization-forest\\.lake\\packages\\mathlib\\.lake\\build\\lib\\lean;C:\\Users\\reems\\git-repositories\\lean4-factorization-forest\\.lake\\build\\lib\\lean c:\\Users\\reems\\.elan\\toolchains\\leanprover--lean4---v4.33.0-rc1\\bin\\lean.exe C:\\Users\\reems\\git-repositories\\lean4-factorization-forest\\Project\\SimonSplit\\FactorizationTree.lean -o C:\\Users\\reems\\git-repositories\\lean4-factorization-forest\\.lake\\build\\lib\\lean\\Project\\SimonSplit\\FactorizationTree.olean -i C:\\Users\\reems\\git-repositories\\lean4-factorization-forest\\.lake\\build\\lib\\lean\\Project\\SimonSplit\\FactorizationTree.ilean -c C:\\Users\\reems\\git-repositories\\lean4-factorization-forest\\.lake\\build\\ir\\Project\\SimonSplit\\FactorizationTree.c --setup C:\\Users\\reems\\git-repositories\\lean4-factorization-forest\\.lake\\build\\ir\\Project\\SimonSplit\\FactorizationTree.setup.json --json",
   "level": "trace"}],
 "inputs":
 [["deps",
   [["Project/Project:extraDep", [["@Project:extraDep", "00000000000006bb"]]],
    ["imports",
     [["Mathlib.Data.Fintype.Basic transitive imports (legacy)",
       "92d9bb0eab1cf2bc"],
      ["Mathlib.Data.Fintype.Basic:importAllArts", "b302af1962a39c78"],
      ["Mathlib.Data.Finset.Max transitive imports (legacy)",
       "1a0a231c06238f53"],
      ["Mathlib.Data.Finset.Max:importAllArts", "58df536989245c6d"],
      ["Project.SimonSplit.Basic transitive imports (legacy)",
       "2c6786312abdcd10"],
      ["Project.SimonSplit.Basic:importAllArts", "c454c26380052670"],
      ["Project.SimonSplit.Combine transitive imports (legacy)",
       "17c756acc4260b04"],
      ["Project.SimonSplit.Combine:importAllArts", "5523afe9dcc54804"],
      ["Project.SimonSplit.Split transitive imports (legacy)",
       "08843715d8106a24"],
      ["Project.SimonSplit.Split:importAllArts", "0f18c5c8fac3f476"]]]]],
  ["libs",
   [["import dynlibs", "00000000000006bb"],
    ["package external libraries", "00000000000006bb"],
    ["module dynlibs", "00000000000006bb"],
    ["module plugins", "00000000000006bb"]]],
  ["Lean 4.33.0, commit 62eed1db4d67327ec8120be05f1a1b0847d74561",
   "8fa8fbe052c71a8e"],
  ["C:\\Users\\reems\\git-repositories\\lean4-factorization-forest\\Project\\SimonSplit\\FactorizationTree.lean",
   "e0d71f5eab852b1f"],
  ["options",
   [["-DmaxSynthPendingDepth=3", "c78e353d34de85d4"],
    ["-Dweak.linter.mathlibStandardSet=true", "8a155799906f2b42"],
    ["-DrelaxedAutoImplicit=false", "74a2b5546b55be80"],
    ["-Dpp.unicode.fun=true", "9b94070140457fab"]]],
  ["isModule: false", "feefd2a0d3a1847e"],
  ["Module.name: Project.SimonSplit.FactorizationTree", "ee3c258e65b8471c"],
  ["Package.id?: (some Project)", "264312e6c45eec93"],
  ["Module.leanArgs: #[]", "00000000000006bb"]],
 "depHash": "4749d21ecb198139"}