{"synthetic": false,
 "schemaVersion": "2025-09-10",
 "outputs":
 {"o": ["5aa09224fe0498bc.olean"],
  "m": false,
  "i": "9156198c218831c9.ilean",
  "c": "60fd096b1eb04b5a.c"},
 "log":
 [{"message":
   ".> LEAN_PATH=C:\\Users\\reems\\git-repositories\\lean4-factorization-forest\\.lake\\packages\\Cli\\.lake\\build\\lib\\lean;C:\\Users\\reems\\git-repositories\\lean4-factorization-forest\\.lake\\packages\\batteries\\.lake\\build\\lib\\lean;C:\\Users\\reems\\git-repositories\\lean4-factorization-forest\\.lake\\packages\\Qq\\.lake\\build\\lib\\lean;C:\\Users\\reems\\git-repositories\\lean4-factorization-forest\\.lake\\packages\\aesop\\.lake\\build\\lib\\lean;C:\\Users\\reems\\git-repositories\\lean4-factorization-forest\\.lake\\packages\\proofwidgets\\.lake\\build\\lib\\lean;C:\\Users\\reems\\git-repositories\\lean4-factorization-forest\\.lake\\packages\\importGraph\\.lake\\build\\lib\\lean;C:\\Users\\reems\\git-repositories\\lean4-factorization-forest\\.lake\\packages\\LeanSearchClient\\.lake\\build\\lib\\lean;C:\\Users\\reems\\git-repositories\\lean4-factorization-forest\\.lake\\packages\\plausible\\.lake\\build\\lib\\lean;C:\\Users\\reems\\git-repositories\\lean4-factorization-forest\\.lake\\packages\\mathlib\\.lake\\build\\lib\\lean;C:\\Users\\reems\\git-repositories\\lean4-factorization-forest\\.lake\\build\\lib\\lean c:\\Users\\reems\\.elan\\toolchains\\leanprover--lean4---v4.33.0-rc1\\bin\\lean.exe C:\\Users\\reems\\git-repositories\\lean4-factorization-forest\\Project\\SimonSplit\\Split.lean -o C:\\Users\\reems\\git-repositories\\lean4-factorization-forest\\.lake\\build\\lib\\lean\\Project\\SimonSplit\\Split.olean -i C:\\Users\\reems\\git-repositories\\lean4-factorization-forest\\.lake\\build\\lib\\lean\\Project\\SimonSplit\\Split.ilean -c C:\\Users\\reems\\git-repositories\\lean4-factorization-forest\\.lake\\build\\ir\\Project\\SimonSplit\\Split.c --setup C:\\Users\\reems\\git-repositories\\lean4-factorization-forest\\.lake\\build\\ir\\Project\\SimonSplit\\Split.setup.json --json",
   "level": "trace"}],
 "inputs":
 [["deps",
   [["Project/Project:extraDep", [["@Project:extraDep", "00000000000006bb"]]],
    ["imports",
     [["Project.SimonSplit.Regular transitive imports (legacy)",
       "899fab48fb0047b8"],
      ["Project.SimonSplit.Regular:importAllArts", "bd036d2db3471343"],
      ["Project.SimonSplit.Irregular transitive imports (legacy)",
       "899fab48fb0047b8"],
      ["Project.SimonSplit.Irregular:importAllArts", "a9e3368dcbb7de47"]]]]],
  ["libs",
   [["import dynlibs", "00000000000006bb"],
    ["package external libraries", "00000000000006bb"],
    ["module dynlibs", "00000000000006bb"],
    ["module plugins", "00000000000006bb"]]],
  ["Lean 4.33.0, commit 62eed1db4d67327ec8120be05f1a1b0847d74561",
   "8fa8fbe052c71a8e"],
  ["C:\\Users\\reems\\git-repositories\\lean4-factorization-forest\\Project\\SimonSplit\\Split.lean",
   "90850a8281d498e0"],
  ["options",
   [["-DmaxSynthPendingDepth=3", "c78e353d34de85d4"],
    ["-Dweak.linter.mathlibStandardSet=true", "8a155799906f2b42"],
    ["-DrelaxedAutoImplicit=false", "74a2b5546b55be80"],
    ["-Dpp.unicode.fun=true", "9b94070140457fab"]]],
  ["isModule: false", "feefd2a0d3a1847e"],
  ["Module.name: Project.SimonSplit.Split", "f4ff498c277bddaf"],
  ["Package.id?: (some Project)", "264312e6c45eec93"],
  ["Module.leanArgs: #[]", "00000000000006bb"]],
 "depHash": "13c18d4c66293a64"}